../Core/Src/main.c:84:5:main	8	static
../Core/Src/main.c:135:6:SystemClock_Config	88	static
../Core/Src/main.c:181:13:MX_ETH_Init	8	static
../Core/Src/main.c:230:13:MX_TIM2_Init	32	static
../Core/Src/main.c:275:13:MX_TIM3_Init	32	static
../Core/Src/main.c:320:13:MX_TIM4_Init	64	static
../Core/Src/main.c:379:13:MX_USART3_UART_Init	8	static
../Core/Src/main.c:412:13:MX_USB_OTG_FS_PCD_Init	8	static
../Core/Src/main.c:447:13:MX_GPIO_Init	56	static
../Core/Src/main.c:501:6:Error_Handler	4	static,ignoring_inline_asm
